// Jest Snapshot v1, https://goo.gl/fbAQLP

exports[`Pruebas en <GiftItem /> Debe hacer match con el enapshot 1`] = `
<div>
  <div
    class="card"
  >
    <p>
      Titulo de prueba
    </p>
    <img
      alt="Titulo de prueba"
      src="https://media1.giphy.com/media/l0Hl6qQ7zQkIkIp2Q/200w.gif"
    />
  </div>
</div>
`;
